{"totalErReceived":100.0,"information":{"machineId":"55280016","location":"REGION I, PANGASINAN, MAPANDAN, GOLDEN","votingCenter":"GOLDEN, MAPANDAN, PANGASINAN","precinctId":"55280016","precinctInCluster":"0034A, 0034B, 0035B, 0037B","abstentions":0,"numberOfRegisteredVoters":585,"numberOfActuallyVoters":491,"numberOfValidBallot":491,"turnout":83.93},"national":[{"contestCode":"00399000","contestName":"SENATOR of PHILIPPINES","statistic":{"overVotes":192,"underVotes":1878,"validVotes":7020,"obtainedVotes":3822},"candidates":{"candidates":[{"name":"1. ABALOS, BENHUR (PFP)","votes":131,"percentage":3.43},{"name":"2. ADONIS, JEROME (MKBYN)","votes":3,"percentage":0.08},{"name":"3. AMAD, WILSON (IND)","votes":5,"percentage":0.13},{"name":"4. ANDAMO, NARS ALYN (MKBYN)","votes":7,"percentage":0.18},{"name":"5. AQUINO, BAM (KNP)","votes":207,"percentage":5.42},{"name":"6. ARAMBULO, RONNEL (MKBYN)","votes":59,"percentage":1.54},{"name":"7. ARELLANO, ERNESTO (KTPNAN)","votes":4,"percentage":0.1},{"name":"8. BALLON, ROBERTO (IND)","votes":31,"percentage":0.81},{"name":"9. BINAY, ABBY (NPC)","votes":98,"percentage":2.56},{"name":"10. BONDOC, JIMMY (PDPLBN)","votes":41,"percentage":1.07},{"name":"11. BONG REVILLA,RAMON, JR.(LAKAS)","votes":91,"percentage":2.38},{"name":"12. BOSITA, COLONEL (IND)","votes":140,"percentage":3.66},{"name":"13. BROSAS, ARLENE (MKBYN)","votes":52,"percentage":1.36},{"name":"14. CABONEGRO, ROY (DPP)","votes":1,"percentage":0.03},{"name":"15. CAPUYAN, ALLEN (PPP)","votes":5,"percentage":0.13},{"name":"16. CASIÃ‘O, TEDDY (MKBYN)","votes":52,"percentage":1.36},{"name":"17. CASTRO, TEACHER FRANCE (MKBYN)","votes":49,"percentage":1.28},{"name":"18. CAYETANO, PIA (NP)","votes":133,"percentage":3.48},{"name":"19. D'ANGELO, DAVID (BUNYOG)","votes":4,"percentage":0.1},{"name":"20. DE ALBAN,ATTORNEY ANGELO (IND)","votes":28,"percentage":0.73},{"name":"21. DE GUZMAN, KA LEODY (PLM)","votes":47,"percentage":1.23},{"name":"22. DELA ROSA, BATO (PDPLBN)","votes":121,"percentage":3.17},{"name":"23. DORINGO, NANAY MIMI (MKBYN)","votes":8,"percentage":0.21},{"name":"24. ESCOBAL, ARNEL (PM)","votes":4,"percentage":0.1},{"name":"25. ESPIRITU, LUKE (PLM)","votes":71,"percentage":1.86},{"name":"26. FLORANDA, MODY PISTON (MKBYN)","votes":5,"percentage":0.13},{"name":"27. GAMBOA, MARC LOUIE (IND)","votes":5,"percentage":0.13},{"name":"28. GO, BONG GO    (PDPLBN)","votes":218,"percentage":5.7},{"name":"29. GONZALES, NORBERTO (PDSP)","votes":4,"percentage":0.1},{"name":"30. HINLO, JAYVEE (PDPLBN)","votes":21,"percentage":0.55},{"name":"31. HONASAN, GRINGO (RP)","votes":49,"percentage":1.28},{"name":"32. JOSE, RELLY JR. (KBL)","votes":4,"percentage":0.1},{"name":"33. LACSON, PING (IND)","votes":137,"percentage":3.58},{"name":"34. LAMBINO,  RAUL  (PDPLBN)","votes":87,"percentage":2.28},{"name":"35. LAPID, LITO (NPC)","votes":117,"percentage":3.06},{"name":"36. LEE, MANOY WILBERT (AKSYON)","votes":2,"percentage":0.05},{"name":"37. LIDASAN, AMIRAH (MKBYN)","votes":4,"percentage":0.1},{"name":"38. MARCOLETA, RODANTE (IND)","votes":81,"percentage":2.12},{"name":"39. MARCOS, IMEE R. (NP)","votes":124,"percentage":3.24},{"name":"40. MARQUEZ, NORMAN (IND)","votes":8,"percentage":0.21},{"name":"41. MARTINEZ, ERIC (IND)","votes":7,"percentage":0.18},{"name":"42. MATA, DOC MARITES (IND)","votes":28,"percentage":0.73},{"name":"43. MATULA,  ATTY.  SONNY (WPP)","votes":51,"percentage":1.33},{"name":"44. MAZA, LIZA (MKBYN)","votes":53,"percentage":1.39},{"name":"45. MENDOZA, HEIDI (IND)","votes":107,"percentage":2.8},{"name":"46. MONTEMAYOR,  JOEY  (IND)","votes":3,"percentage":0.08},{"name":"47. MUSTAPHA, SUBAIR (WPP)","votes":2,"percentage":0.05},{"name":"48. OLIVAR, JOSE JESSIE (IND)","votes":2,"percentage":0.05},{"name":"49. ONG, DOC WILLIE (AKSYON)","votes":92,"percentage":2.41},{"name":"50. PACQUIAO, MANNY PACMAN (PFP)","votes":80,"percentage":2.09},{"name":"51. PANGILINAN, KIKO (LP)","votes":170,"percentage":4.45},{"name":"52. QUERUBIN,  ARIEL PORFIRIO (NP)","votes":22,"percentage":0.58},{"name":"53. QUIBOLOY, APOLLO (IND)","votes":17,"percentage":0.44},{"name":"54. RAMOS, DANILO (MKBYN)","votes":57,"percentage":1.49},{"name":"55. REVILLAME, WILLIE WIL (IND)","votes":84,"percentage":2.2},{"name":"56. RODRIGUEZ, ATTY. VIC (IND)","votes":39,"percentage":1.02},{"name":"57. SAHIDULLA, NUR-ANA (IND)","votes":2,"percentage":0.05},{"name":"58. SALVADOR, PHILLIP IPE (PDPLBN)","votes":37,"percentage":0.97},{"name":"59. SOTTO, TITO (NPC)","votes":187,"percentage":4.89},{"name":"60. TAPADO, MICHAEL BONGBONG (PM)","votes":5,"percentage":0.13},{"name":"61. TOLENTINO, FRANCIS TOL (PFP)","votes":98,"percentage":2.56},{"name":"62. TULFO, BEN BITAG (IND)","votes":132,"percentage":3.45},{"name":"63. TULFO, ERWIN (LAKAS)","votes":184,"percentage":4.81},{"name":"64. VALBUENA, MAR MANIBELA (IND)","votes":4,"percentage":0.1},{"name":"65. VERCELES, LEANDRO (IND)","votes":1,"percentage":0.03},{"name":"66. VILLAR, CAMILLE (NP)","votes":100,"percentage":2.62}]}},{"contestCode":"01199000","contestName":"PARTY LIST of PHILIPPINES","statistic":{"overVotes":20,"underVotes":106,"validVotes":585,"obtainedVotes":365},"candidates":{"candidates":[{"name":"1 4PS","votes":7,"percentage":1.92},{"name":"2 PPP","votes":1,"percentage":0.27},{"name":"3 FPJ PANDAY BAYANIHAN","votes":31,"percentage":8.49},{"name":"4 KABATAAN","votes":0,"percentage":0.0},{"name":"5 DUTERTE YOUTH","votes":3,"percentage":0.82},{"name":"6 ML","votes":2,"percentage":0.55},{"name":"7 PBBM","votes":2,"percentage":0.55},{"name":"8 P3PWD","votes":0,"percentage":0.0},{"name":"9 MURANG KURYENTE","votes":0,"percentage":0.0},{"name":"10 BICOL SARO","votes":0,"percentage":0.0},{"name":"11 IPATUPAD","votes":0,"percentage":0.0},{"name":"12 PATROL","votes":0,"percentage":0.0},{"name":"13 JUAN PINOY","votes":0,"percentage":0.0},{"name":"14 ARTE","votes":0,"percentage":0.0},{"name":"15 WIFI","votes":0,"percentage":0.0},{"name":"16 MAAGAP","votes":0,"percentage":0.0},{"name":"17 UNITED SENIOR CITIZENS","votes":7,"percentage":1.92},{"name":"18 EPANAW SAMBAYANAN","votes":1,"percentage":0.27},{"name":"19 AKO PADAYON","votes":0,"percentage":0.0},{"name":"20 TUCP","votes":0,"percentage":0.0},{"name":"21 ACT TEACHERS","votes":3,"percentage":0.82},{"name":"22 1PACMAN","votes":0,"percentage":0.0},{"name":"23 TGP","votes":0,"percentage":0.0},{"name":"24 DUMPER PTDA","votes":0,"percentage":0.0},{"name":"25 ANAKALUSUGAN","votes":0,"percentage":0.0},{"name":"26 AKSYON DAPAT","votes":0,"percentage":0.0},{"name":"27 BHW","votes":3,"percentage":0.82},{"name":"28 SULONG DIGNIDAD","votes":0,"percentage":0.0},{"name":"29 BATANG QUIAPO","votes":0,"percentage":0.0},{"name":"30 PBA","votes":0,"percentage":0.0},{"name":"31 GILAS","votes":0,"percentage":0.0},{"name":"32 AKO ILOCANO AKO","votes":3,"percentage":0.82},{"name":"33 PAMILYANG MAGSASAKA","votes":1,"percentage":0.27},{"name":"34 CLICK PARTY","votes":0,"percentage":0.0},{"name":"35 ABANTE BISDAK","votes":0,"percentage":0.0},{"name":"36 MANILA TEACHERS","votes":1,"percentage":0.27},{"name":"37 PAMANA","votes":0,"percentage":0.0},{"name":"38 NANAY","votes":1,"percentage":0.27},{"name":"39 KM NGAYON NA","votes":1,"percentage":0.27},{"name":"40 BABAE AKO","votes":0,"percentage":0.0},{"name":"41 ARISE","votes":0,"percentage":0.0},{"name":"42 MAGDALO","votes":1,"percentage":0.27},{"name":"43 APEC","votes":0,"percentage":0.0},{"name":"44 MAGBUBUKID","votes":2,"percentage":0.55},{"name":"45 SSS-GSIS PENSYONADO","votes":1,"percentage":0.27},{"name":"46 GABRIELA","votes":1,"percentage":0.27},{"name":"47 TINGOG","votes":0,"percentage":0.0},{"name":"48 APAT-DAPAT","votes":16,"percentage":4.38},{"name":"49 AHON MAHIRAP","votes":0,"percentage":0.0},{"name":"50 UGB","votes":0,"percentage":0.0},{"name":"51 AKBAYAN","votes":28,"percentage":7.67},{"name":"52 AGIMAT","votes":0,"percentage":0.0},{"name":"53 PHILRECA","votes":0,"percentage":0.0},{"name":"54 KAPUSO PM","votes":0,"percentage":0.0},{"name":"55 ILOCANO DEFENDERS","votes":0,"percentage":0.0},{"name":"56 1-RIDER PARTY-LIST","votes":3,"percentage":0.82},{"name":"57 TICTOK","votes":0,"percentage":0.0},{"name":"59 BAYAN MUNA","votes":1,"percentage":0.27},{"name":"60 ANG PROBINSIYANO","votes":0,"percentage":0.0},{"name":"61 BANAT","votes":1,"percentage":0.27},{"name":"62 SBP","votes":0,"percentage":0.0},{"name":"63 BUHAY","votes":0,"percentage":0.0},{"name":"64 TULUNGAN TAYO","votes":12,"percentage":3.29},{"name":"65 SAGIP","votes":0,"percentage":0.0},{"name":"66 BTS BAYANING TSUPER","votes":0,"percentage":0.0},{"name":"67 VENDORS","votes":0,"percentage":0.0},{"name":"68 ACT-CIS","votes":14,"percentage":3.84},{"name":"69 AKTIBONG KAAGAPAY","votes":0,"percentage":0.0},{"name":"70 ASENSO PINOY","votes":0,"percentage":0.0},{"name":"71 SOLO PARENTS","votes":0,"percentage":0.0},{"name":"72 ANG KOMADRONA","votes":0,"percentage":0.0},{"name":"73 PROMDI","votes":0,"percentage":0.0},{"name":"74 PUSONG PINOY","votes":0,"percentage":0.0},{"name":"75 KUSUG TAUSUG","votes":0,"percentage":0.0},{"name":"76 DAMAYANG FILIPINO","votes":1,"percentage":0.27},{"name":"77 MPBL","votes":0,"percentage":0.0},{"name":"78 ANGAT","votes":0,"percentage":0.0},{"name":"79 KALINGA","votes":0,"percentage":0.0},{"name":"80 BOSES PARTY-LIST","votes":0,"percentage":0.0},{"name":"81 ARANGKADA PILIPINO","votes":0,"percentage":0.0},{"name":"82 AANGAT TAYO","votes":3,"percentage":0.82},{"name":"83 OFW","votes":3,"percentage":0.82},{"name":"84 BIDA KATAGUMPAY","votes":0,"percentage":0.0},{"name":"85 KAMANGGAGAWA","votes":4,"percentage":1.1},{"name":"86 BFF","votes":0,"percentage":0.0},{"name":"87 BUNYOG","votes":0,"percentage":0.0},{"name":"88 AGRI","votes":1,"percentage":0.27},{"name":"89 SENIOR CITIZENS","votes":2,"percentage":0.55},{"name":"90 4K","votes":0,"percentage":0.0},{"name":"91 PBP","votes":4,"percentage":1.1},{"name":"92 ONE COOP","votes":0,"percentage":0.0},{"name":"93 CIBAC","votes":2,"percentage":0.55},{"name":"94 BH - BAGONG HENERASYON","votes":0,"percentage":0.0},{"name":"95 1AGILA","votes":0,"percentage":0.0},{"name":"96 EDUAKSYON","votes":0,"percentage":0.0},{"name":"97 ANG TINIG NG SENIORS","votes":0,"percentage":0.0},{"name":"98 BG PARTY-LIST","votes":0,"percentage":0.0},{"name":"99 PINOY AKO","votes":0,"percentage":0.0},{"name":"100 H.E.L.P. PILIPINAS","votes":1,"percentage":0.27},{"name":"101 HEALTH WORKERS","votes":2,"percentage":0.55},{"name":"102 PEOPLE'S CHAMP","votes":0,"percentage":0.0},{"name":"103 AA-KASOSYO PARTY","votes":0,"percentage":0.0},{"name":"104 SOLID NORTH PARTY","votes":99,"percentage":27.12},{"name":"105 ABAMIN","votes":0,"percentage":0.0},{"name":"106 TRABAHO","votes":1,"percentage":0.27},{"name":"107 ANGKASANGGA","votes":2,"percentage":0.55},{"name":"108 TODA AKSYON","votes":0,"percentage":0.0},{"name":"109 TURISMO","votes":0,"percentage":0.0},{"name":"110 ABONO","votes":8,"percentage":2.19},{"name":"111 ASAP NA","votes":0,"percentage":0.0},{"name":"112 LINGAP","votes":0,"percentage":0.0},{"name":"113 UNITED FRONTLINERS","votes":1,"percentage":0.27},{"name":"114 KASAMBAHAY","votes":0,"percentage":0.0},{"name":"115 TUTOK TO WIN","votes":0,"percentage":0.0},{"name":"116 AKO OFW","votes":0,"percentage":0.0},{"name":"117 AGAP","votes":0,"percentage":0.0},{"name":"118 1TAHANAN","votes":0,"percentage":0.0},{"name":"119 COOP-NATCCO","votes":1,"percentage":0.27},{"name":"120 KABAYAN","votes":0,"percentage":0.0},{"name":"121 1MUNTI","votes":0,"percentage":0.0},{"name":"122 PINOY WORKERS","votes":5,"percentage":1.37},{"name":"123 API PARTY","votes":63,"percentage":17.26},{"name":"124 AKO BISAYA","votes":0,"percentage":0.0},{"name":"125 KAMALAYAN","votes":0,"percentage":0.0},{"name":"126 AKO TANOD","votes":0,"percentage":0.0},{"name":"127 PROBINSYANO AKO","votes":0,"percentage":0.0},{"name":"128 KABABAIHAN","votes":1,"percentage":0.27},{"name":"129 RAM","votes":0,"percentage":0.0},{"name":"130 ALONA","votes":0,"percentage":0.0},{"name":"131 AKO BICOL","votes":0,"percentage":0.0},{"name":"132 GP (GALING SA PUSO)","votes":0,"percentage":0.0},{"name":"133 KAUNLAD PINOY","votes":0,"percentage":0.0},{"name":"134 ABP","votes":0,"percentage":0.0},{"name":"135 CWS","votes":0,"percentage":0.0},{"name":"136 LPGMA","votes":3,"percentage":0.82},{"name":"137 A TEACHER","votes":2,"percentage":0.55},{"name":"138 SWERTE","votes":1,"percentage":0.27},{"name":"139 GABAY","votes":0,"percentage":0.0},{"name":"140 MALASAKIT@BAYANIHAN","votes":3,"percentage":0.82},{"name":"141 AKAY NI SOL","votes":0,"percentage":0.0},{"name":"142 LUNAS","votes":0,"percentage":0.0},{"name":"143 DIWA","votes":0,"percentage":0.0},{"name":"144 PINUNO","votes":0,"percentage":0.0},{"name":"145 PAMILYA MUNA","votes":1,"percentage":0.27},{"name":"146 BAGONG PILIPINAS","votes":0,"percentage":0.0},{"name":"147 HUGPONG FEDERAL","votes":0,"percentage":0.0},{"name":"148 TUPAD","votes":1,"percentage":0.27},{"name":"149 LAANG KAWAL","votes":0,"percentage":0.0},{"name":"150 PAMILYA KO","votes":0,"percentage":0.0},{"name":"151 BBM","votes":1,"percentage":0.27},{"name":"152 HEAL PH","votes":2,"percentage":0.55},{"name":"153 ABANG LINGKOD","votes":0,"percentage":0.0},{"name":"154 MAGSASAKA","votes":0,"percentage":0.0},{"name":"155 MAHARLIKA","votes":0,"percentage":0.0},{"name":"156 USWAG ILONGGO","votes":0,"percentage":0.0}]}}],"local":[{"contestCode":"00755003","contestName":"MEMBER, HOUSE OF REPRESENTATIVES of PANGASINAN - THIRD LEGDIST","statistic":{"overVotes":1,"underVotes":44,"validVotes":585,"obtainedVotes":446},"candidates":{"candidates":[{"name":"1. ABSOLOR, GEORGE (IND)","votes":6,"percentage":1.35},{"name":"2. ARENAS, RACHEL BABY (LAKAS)","votes":331,"percentage":74.22},{"name":"3. TULAGAN, GENER (IND)","votes":109,"percentage":24.44}]}},{"contestCode":"00455000","contestName":"PROVINCIAL GOVERNOR of PANGASINAN","statistic":{"overVotes":1,"underVotes":17,"validVotes":585,"obtainedVotes":473},"candidates":{"candidates":[{"name":"1. ESPINO, AMADO III (API)","votes":290,"percentage":61.31},{"name":"2. GUICO, RAMON III (NP)","votes":183,"percentage":38.69}]}},{"contestCode":"00555000","contestName":"PROVINCIAL VICE-GOVERNOR of PANGASINAN","statistic":{"overVotes":0,"underVotes":72,"validVotes":585,"obtainedVotes":419},"candidates":{"candidates":[{"name":"1. LAMBINO, MARK (LAKAS)","votes":272,"percentage":64.92},{"name":"2. NACAR, NOEL (API)","votes":147,"percentage":35.08}]}},{"contestCode":"00655003","contestName":"MEMBER, SANGGUNIANG PANLALAWIGAN of PANGASINAN - THIRD PROVDIST","statistic":{"overVotes":4,"underVotes":189,"validVotes":1170,"obtainedVotes":789},"candidates":{"candidates":[{"name":"1. BANIQUED, DRA. SHIELA (NP)","votes":335,"percentage":42.46},{"name":"2. BAUZON, JOSEPH ARMAN (API)","votes":69,"percentage":8.75},{"name":"3. GONZALES, EDUARDO (IND)","votes":20,"percentage":2.53},{"name":"4. TULAGAN, GENEROSO JR. (NPC)","votes":158,"percentage":20.03},{"name":"5. VENTANILLA, VICI (NP)","votes":207,"percentage":26.24}]}},{"contestCode":"00855280","contestName":"MAYOR of PANGASINAN - MAPANDAN","statistic":{"overVotes":0,"underVotes":33,"validVotes":585,"obtainedVotes":458},"candidates":{"candidates":[{"name":"1. AQUINO, JAIME (IND)","votes":106,"percentage":23.14},{"name":"2. VEGA, KARL CHRISTIAN (NP)","votes":352,"percentage":76.86}]}},{"contestCode":"00955280","contestName":"VICE-MAYOR of PANGASINAN - MAPANDAN","statistic":{"overVotes":1,"underVotes":14,"validVotes":585,"obtainedVotes":476},"candidates":{"candidates":[{"name":"1. PENULIAR, ANTHONY (IND)","votes":204,"percentage":42.86},{"name":"2. TAMBAOAN, GERALD GLENN (IND)","votes":272,"percentage":57.14}]}},{"contestCode":"01055280","contestName":"MEMBER, SANGGUNIANG BAYAN of PANGASINAN - MAPANDAN - LONE DIST","statistic":{"overVotes":24,"underVotes":814,"validVotes":4680,"obtainedVotes":3090},"candidates":{"candidates":[{"name":"1. AQUINO, JIMMY (IND)","votes":129,"percentage":4.17},{"name":"2. BIAGTAN, ARKI (IND)","votes":191,"percentage":6.18},{"name":"3. BIAGTAN, BANG (IND)","votes":187,"percentage":6.05},{"name":"4. CALIMLIM, ASUNCION (IND)","votes":99,"percentage":3.2},{"name":"5. CALIMLIM, MICHAEL (IND)","votes":121,"percentage":3.92},{"name":"6. CASTRO, GEM (NP)","votes":161,"percentage":5.21},{"name":"7. GUBA, JOVIE (IND)","votes":16,"percentage":0.52},{"name":"8. HERNANDO, JIM BRYAN (IND)","votes":99,"percentage":3.2},{"name":"9. LALAS, FREDERICK (IND)","votes":374,"percentage":12.1},{"name":"10. MAMAYSON, ZENAIDA (IND)","votes":57,"percentage":1.84},{"name":"11. MARIANO, ALICE (NP)","votes":227,"percentage":7.35},{"name":"12. MORALES, LARRY (NP)","votes":159,"percentage":5.15},{"name":"13. PARAYNO, PAK ERIC (NP)","votes":186,"percentage":6.02},{"name":"14. PENULIAR, FREDDIE (NP)","votes":253,"percentage":8.19},{"name":"15. QUINTO, BLANDO (NP)","votes":290,"percentage":9.39},{"name":"16. RANAS, MELVIN JEROLD (NP)","votes":86,"percentage":2.78},{"name":"17. REVILLA, RONNIE (NP)","votes":156,"percentage":5.05},{"name":"18. ROSARIO, DRA. MARGIE (IND)","votes":92,"percentage":2.98},{"name":"19. TAMBAOAN, EDWINA (IND)","votes":207,"percentage":6.7}]}}]}