{"regions":[{"categoryCode":null,"masterCode":null,"code":"55280016","name":"55280016"},{"categoryCode":null,"masterCode":null,"code":"55280017","name":"55280017"}]}